[debug] [2026-05-18T16:32:57.217Z] [Firebase Plugin] Activating Firebase extension.
[info] [Firebase Plugin] Checked firebase-tools, is up to date!
[debug] [2026-05-18T16:32:58.173Z] [Firebase Plugin] requireAuthWrapper
[debug] [2026-05-18T16:32:58.174Z] > command requires scopes: ["email","openid","https://www.googleapis.com/auth/cloudplatformprojects.readonly","https://www.googleapis.com/auth/firebase","https://www.googleapis.com/auth/cloud-platform"]
[debug] [2026-05-18T16:32:58.174Z] > authorizing via signed-in user (ghostrex2@gmail.com)
[debug] [2026-05-18T16:32:58.175Z] Checked if tokens are valid: true, expires at: 1779125479743
[debug] [2026-05-18T16:32:58.175Z] Checked if tokens are valid: true, expires at: 1779125479743
[debug] [2026-05-18T16:32:58.175Z] [Firebase Plugin] User found:  ghostrex2@gmail.com
[info] [Firebase Plugin] (Core:Project) New user detected, fetching projects
[debug] [2026-05-18T16:32:58.176Z] Checked if tokens are valid: true, expires at: 1779125479743
[debug] [2026-05-18T16:32:58.176Z] >>> [apiv2][query] GET https://firebase.googleapis.com/v1beta1/projects pageSize=1000
[debug] [2026-05-18T16:32:58.180Z] [Firebase Plugin] VSCode notification server listening on port 40001
[info] [Firebase Plugin] Starting SQL Connect toolkit (version 3.4.5) on port 50001
[info] i  dataconnect: downloading dataconnect-emulator-3.4.5... {"metadata":{"emulator":{"name":"dataconnect"},"message":"downloading dataconnect-emulator-3.4.5..."}}
[debug] [2026-05-18T16:32:58.275Z] >>> [apiv2][query] GET https://storage.googleapis.com/firemat-preview-drop/emulator/dataconnect-emulator-linux-amd64-v3.4.5 
[debug] [2026-05-18T16:32:59.283Z] <<< [apiv2][status] GET https://firebase.googleapis.com/v1beta1/projects 200
[debug] [2026-05-18T16:32:59.283Z] <<< [apiv2][body] GET https://firebase.googleapis.com/v1beta1/projects [omitted]
[debug] [2026-05-18T16:32:59.308Z] <<< [apiv2][status] GET https://storage.googleapis.com/firemat-preview-drop/emulator/dataconnect-emulator-linux-amd64-v3.4.5 200
[debug] [2026-05-18T16:32:59.308Z] <<< [apiv2][body] GET https://storage.googleapis.com/firemat-preview-drop/emulator/dataconnect-emulator-linux-amd64-v3.4.5 [stream]
[info] i  dataconnect: Removing outdated emulator files: dataconnect-emulator-3.4.8 {"metadata":{"emulator":{"name":"dataconnect"},"message":"Removing outdated emulator files: dataconnect-emulator-3.4.8"}}
[debug] [2026-05-18T16:33:05.280Z] I0518 19:33:05.278800  405075 control.go:100] [projects/emulator/locations/emulator/services/skild-62214-service 130b] UpdateResources(): done
Main schema: sources: schema/schema.gql [0B] 
Connector "example": sources: 
 {"metadata":{"emulator":{"name":"dataconnect"},"message":"I0518 19:33:05.278800  405075 control.go:100] [projects/emulator/locations/emulator/services/skild-62214-service 130b] UpdateResources(): done\nMain schema: sources: schema/schema.gql [0B] \nConnector \"example\": sources: \n"}}
[debug] [2026-05-18T16:33:05.281Z] Ignoring unsupported arg: auto_download {"metadata":{"emulator":{"name":"dataconnect"},"message":"Ignoring unsupported arg: auto_download"}}
[debug] [2026-05-18T16:33:05.282Z] Ignoring unsupported arg: port {"metadata":{"emulator":{"name":"dataconnect"},"message":"Ignoring unsupported arg: port"}}
[debug] [2026-05-18T16:33:05.282Z] Starting SQL Connect Emulator with command {"binary":"/home/ghost/.cache/firebase/emulators/dataconnect-emulator-3.4.5","args":["--logtostderr","-v=2","dev","--listen=localhost:50001","--config_dir=/home/ghost/Documents/dev/node/skild/dataconnect","--enable_output_schema_extensions=true","--enable_output_generated_sdk=true"],"optionalArgs":["listen","config_dir","enable_output_schema_extensions","enable_output_generated_sdk"],"joinArgs":true,"shell":false,"port":9399} {"metadata":{"emulator":{"name":"dataconnect"},"message":"Starting SQL Connect Emulator with command {\"binary\":\"/home/ghost/.cache/firebase/emulators/dataconnect-emulator-3.4.5\",\"args\":[\"--logtostderr\",\"-v=2\",\"dev\",\"--listen=localhost:50001\",\"--config_dir=/home/ghost/Documents/dev/node/skild/dataconnect\",\"--enable_output_schema_extensions=true\",\"--enable_output_generated_sdk=true\"],\"optionalArgs\":[\"listen\",\"config_dir\",\"enable_output_schema_extensions\",\"enable_output_generated_sdk\"],\"joinArgs\":true,\"shell\":false,\"port\":9399}"}}
[info] i  dataconnect: SQL Connect Emulator logging to dataconnect-debug.log {"metadata":{"emulator":{"name":"dataconnect"},"message":"SQL Connect Emulator logging to dataconnect-debug.log"}}
[debug] [2026-05-18T16:33:05.317Z] I0518 19:33:05.302726  405092 load.go:31] Reloading schema and connectors...
I0518 19:33:05.305975  405092 control.go:100] [projects/emulator/locations/emulator/services/skild-62214-service 8222] UpdateResources(): done
Main schema: sources: schema/schema.gql [0B] 
Connector "example": sources: 
E0518 19:33:05.309238  405092 load.go:95] Errors generating SDK: [connector "example"]: invalid Data Connect Connector no query found in connector
I0518 19:33:05.309491  405092 collector.go:107] schema extensions wrote into "/home/ghost/Documents/dev/node/skild/dataconnect/.dataconnect/schema"
Generated sources: prelude.gql [82799B] 
I0518 19:33:05.309506  405092 load.go:109] Finished reloading
I0518 19:33:05.310097  405092 dev.go:104] Listening on address (HTTP + gRPC): 127.0.0.1:50001
 {"metadata":{"emulator":{"name":"dataconnect"},"message":"I0518 19:33:05.302726  405092 load.go:31] Reloading schema and connectors...\nI0518 19:33:05.305975  405092 control.go:100] [projects/emulator/locations/emulator/services/skild-62214-service 8222] UpdateResources(): done\nMain schema: sources: schema/schema.gql [0B] \nConnector \"example\": sources: \nE0518 19:33:05.309238  405092 load.go:95] Errors generating SDK: [connector \"example\"]: invalid Data Connect Connector no query found in connector\nI0518 19:33:05.309491  405092 collector.go:107] schema extensions wrote into \"/home/ghost/Documents/dev/node/skild/dataconnect/.dataconnect/schema\"\nGenerated sources: prelude.gql [82799B] \nI0518 19:33:05.309506  405092 load.go:109] Finished reloading\nI0518 19:33:05.310097  405092 dev.go:104] Listening on address (HTTP + gRPC): 127.0.0.1:50001\n"}}
[debug] [2026-05-18T16:33:05.331Z] I0518 19:33:05.330931  405092 engine.go:209] [projects/emulator/locations/emulator/services/skild-62214-service 8222] ExecuteGraphqlRead query IntrospectionQuery: succeeded. 
 {"metadata":{"emulator":{"name":"dataconnect"},"message":"I0518 19:33:05.330931  405092 engine.go:209] [projects/emulator/locations/emulator/services/skild-62214-service 8222] ExecuteGraphqlRead query IntrospectionQuery: succeeded. \n"}}
[debug] [2026-05-18T16:35:25.310Z] I0518 19:35:25.310216  405092 load.go:31] Reloading schema and connectors...
 {"metadata":{"emulator":{"name":"dataconnect"},"message":"I0518 19:35:25.310216  405092 load.go:31] Reloading schema and connectors...\n"}}
[debug] [2026-05-18T16:35:25.313Z] I0518 19:35:25.313373  405092 control.go:100] [projects/emulator/locations/emulator/services/skild-62214-service 81ab] UpdateResources(): done
Main schema: sources: schema/schema.gql [122B] 
Connector "example": sources: 
 {"metadata":{"emulator":{"name":"dataconnect"},"message":"I0518 19:35:25.313373  405092 control.go:100] [projects/emulator/locations/emulator/services/skild-62214-service 81ab] UpdateResources(): done\nMain schema: sources: schema/schema.gql [122B] \nConnector \"example\": sources: \n"}}
[debug] [2026-05-18T16:35:25.316Z] E0518 19:35:25.316220  405092 load.go:95] Errors generating SDK: [connector "example"]: invalid Data Connect Connector no query found in connector
 {"metadata":{"emulator":{"name":"dataconnect"},"message":"E0518 19:35:25.316220  405092 load.go:95] Errors generating SDK: [connector \"example\"]: invalid Data Connect Connector no query found in connector\n"}}
[debug] [2026-05-18T16:35:25.316Z] I0518 19:35:25.316519  405092 collector.go:107] schema extensions wrote into "/home/ghost/Documents/dev/node/skild/dataconnect/.dataconnect/schema"
Generated sources: main/input.gql [4962B] main/relation.gql [1582B] main/query.gql [1175B] main/mutation.gql [3149B] prelude.gql [82799B] 
I0518 19:35:25.316534  405092 load.go:109] Finished reloading
 {"metadata":{"emulator":{"name":"dataconnect"},"message":"I0518 19:35:25.316519  405092 collector.go:107] schema extensions wrote into \"/home/ghost/Documents/dev/node/skild/dataconnect/.dataconnect/schema\"\nGenerated sources: main/input.gql [4962B] main/relation.gql [1582B] main/query.gql [1175B] main/mutation.gql [3149B] prelude.gql [82799B] \nI0518 19:35:25.316534  405092 load.go:109] Finished reloading\n"}}
[debug] [2026-05-18T16:35:45.319Z] I0518 19:35:45.319461  405092 load.go:31] Reloading schema and connectors...
 {"metadata":{"emulator":{"name":"dataconnect"},"message":"I0518 19:35:45.319461  405092 load.go:31] Reloading schema and connectors...\n"}}
[debug] [2026-05-18T16:35:45.323Z] I0518 19:35:45.323215  405092 control.go:100] [projects/emulator/locations/emulator/services/skild-62214-service 68d2] UpdateResources(): done
Main schema: sources: schema/schema.gql [142B] 
Connector "example": sources: 
 {"metadata":{"emulator":{"name":"dataconnect"},"message":"I0518 19:35:45.323215  405092 control.go:100] [projects/emulator/locations/emulator/services/skild-62214-service 68d2] UpdateResources(): done\nMain schema: sources: schema/schema.gql [142B] \nConnector \"example\": sources: \n"}}
[debug] [2026-05-18T16:35:45.327Z] E0518 19:35:45.327206  405092 load.go:95] Errors generating SDK: [connector "example"]: invalid Data Connect Connector no query found in connector
 {"metadata":{"emulator":{"name":"dataconnect"},"message":"E0518 19:35:45.327206  405092 load.go:95] Errors generating SDK: [connector \"example\"]: invalid Data Connect Connector no query found in connector\n"}}
[debug] [2026-05-18T16:35:45.327Z] I0518 19:35:45.327546  405092 collector.go:107] schema extensions wrote into "/home/ghost/Documents/dev/node/skild/dataconnect/.dataconnect/schema"
Generated sources: main/mutation.gql [3149B] main/input.gql [5648B] main/relation.gql [1952B] main/query.gql [1175B] prelude.gql [82799B] 
I0518 19:35:45.327563  405092 load.go:109] Finished reloading
 {"metadata":{"emulator":{"name":"dataconnect"},"message":"I0518 19:35:45.327546  405092 collector.go:107] schema extensions wrote into \"/home/ghost/Documents/dev/node/skild/dataconnect/.dataconnect/schema\"\nGenerated sources: main/mutation.gql [3149B] main/input.gql [5648B] main/relation.gql [1952B] main/query.gql [1175B] prelude.gql [82799B] \nI0518 19:35:45.327563  405092 load.go:109] Finished reloading\n"}}
[debug] [2026-05-18T16:37:45.319Z] I0518 19:37:45.319430  405092 load.go:31] Reloading schema and connectors...
 {"metadata":{"emulator":{"name":"dataconnect"},"message":"I0518 19:37:45.319430  405092 load.go:31] Reloading schema and connectors...\n"}}
[debug] [2026-05-18T16:37:45.325Z] I0518 19:37:45.325570  405092 control.go:100] [projects/emulator/locations/emulator/services/skild-62214-service fe43] UpdateResources(): done
Main schema: sources: schema/schema.gql [492B] 
Connector "example": sources: 
 {"metadata":{"emulator":{"name":"dataconnect"},"message":"I0518 19:37:45.325570  405092 control.go:100] [projects/emulator/locations/emulator/services/skild-62214-service fe43] UpdateResources(): done\nMain schema: sources: schema/schema.gql [492B] \nConnector \"example\": sources: \n"}}
[debug] [2026-05-18T16:37:45.330Z] E0518 19:37:45.330656  405092 load.go:95] Errors generating SDK: [connector "example"]: invalid Data Connect Connector no query found in connector
 {"metadata":{"emulator":{"name":"dataconnect"},"message":"E0518 19:37:45.330656  405092 load.go:95] Errors generating SDK: [connector \"example\"]: invalid Data Connect Connector no query found in connector\n"}}
[debug] [2026-05-18T16:37:45.331Z] I0518 19:37:45.331022  405092 collector.go:107] schema extensions wrote into "/home/ghost/Documents/dev/node/skild/dataconnect/.dataconnect/schema"
Generated sources: main/input.gql [16026B] main/relation.gql [6578B] prelude.gql [82799B] main/query.gql [2404B] main/mutation.gql [6444B] main/implicit.gql [266B] 
I0518 19:37:45.331038  405092 load.go:109] Finished reloading
 {"metadata":{"emulator":{"name":"dataconnect"},"message":"I0518 19:37:45.331022  405092 collector.go:107] schema extensions wrote into \"/home/ghost/Documents/dev/node/skild/dataconnect/.dataconnect/schema\"\nGenerated sources: main/input.gql [16026B] main/relation.gql [6578B] prelude.gql [82799B] main/query.gql [2404B] main/mutation.gql [6444B] main/implicit.gql [266B] \nI0518 19:37:45.331038  405092 load.go:109] Finished reloading\n"}}
[debug] [2026-05-18T16:53:18.269Z] I0518 19:53:18.269342  405092 engine.go:209] [projects/emulator/locations/emulator/services/skild-62214-service fe43] ExecuteGraphqlRead query IntrospectionQuery: succeeded. 
 {"metadata":{"emulator":{"name":"dataconnect"},"message":"I0518 19:53:18.269342  405092 engine.go:209] [projects/emulator/locations/emulator/services/skild-62214-service fe43] ExecuteGraphqlRead query IntrospectionQuery: succeeded. \n"}}
[debug] [2026-05-18T16:53:32.105Z] I0518 19:53:32.105512  405092 engine.go:209] [projects/emulator/locations/emulator/services/skild-62214-service fe43] ExecuteGraphqlRead query IntrospectionQuery: succeeded. 
 {"metadata":{"emulator":{"name":"dataconnect"},"message":"I0518 19:53:32.105512  405092 engine.go:209] [projects/emulator/locations/emulator/services/skild-62214-service fe43] ExecuteGraphqlRead query IntrospectionQuery: succeeded. \n"}}
[debug] [2026-05-18T17:15:44.944Z] I0518 20:15:44.944549  405092 engine.go:209] [projects/emulator/locations/emulator/services/skild-62214-service fe43] ExecuteGraphqlRead query IntrospectionQuery: succeeded. 
 {"metadata":{"emulator":{"name":"dataconnect"},"message":"I0518 20:15:44.944549  405092 engine.go:209] [projects/emulator/locations/emulator/services/skild-62214-service fe43] ExecuteGraphqlRead query IntrospectionQuery: succeeded. \n"}}
[error] [Firebase Plugin] Failed to find GQL files: Error: ENOENT: no such file or directory, scandir ''
[info] [Firebase Plugin] ExecuteGraphQL (https://firebasedataconnect.googleapis.com) request: {
    "variables": {},
    "query": "# This is a file for you to write an un-named mutation. \n# Only one un-named mutation is allowed per file.\nmutation {\n  user_insert(data: {clerkId: \"user_3DdVabsBHnckJasrZMHWCyp09go\", email: \"ghostrex2@gmail.com\", imageUrl: \"https://img.clerk.com/eyJ0eXBlIjoicHJveHkiLCJzcmMiOiJodHRwczovL2ltYWdlcy5jbGVyay5kZXYvb2F1dGhfZ29vZ2xlL2ltZ18zRGRWYVl2eDN4dlRnNDVCS1R2VnFqcHExVVIifQ\", username: \"fitiavana\"})\n}",
    "extensions": {}
}
[debug] [2026-05-18T17:17:08.541Z] Checked if tokens are valid: false, expires at: 1779125479743
[debug] [2026-05-18T17:17:08.541Z] Checked if tokens are valid: false, expires at: 1779125479743
[debug] [2026-05-18T17:17:08.541Z] > refreshing access token with scopes: []
[debug] [2026-05-18T17:17:08.542Z] >>> [apiv2][query] POST https://www.googleapis.com/oauth2/v3/token [none]
[debug] [2026-05-18T17:17:08.542Z] >>> [apiv2][body] POST https://www.googleapis.com/oauth2/v3/token [omitted]
[debug] [2026-05-18T17:17:09.522Z] <<< [apiv2][status] POST https://www.googleapis.com/oauth2/v3/token 200
[debug] [2026-05-18T17:17:09.522Z] <<< [apiv2][body] POST https://www.googleapis.com/oauth2/v3/token [omitted]
[debug] [2026-05-18T17:17:09.532Z] >>> [apiv2][query] POST https://firebasedataconnect.googleapis.com/v1/projects/skild-62214/locations/us-east4/services/skild-62214-service:executeGraphql [none]
[debug] [2026-05-18T17:17:09.532Z] >>> [apiv2][body] POST https://firebasedataconnect.googleapis.com/v1/projects/skild-62214/locations/us-east4/services/skild-62214-service:executeGraphql {"variables":{},"query":"# This is a file for you to write an un-named mutation. \n# Only one un-named mutation is allowed per file.\nmutation {\n  user_insert(data: {clerkId: \"user_3DdVabsBHnckJasrZMHWCyp09go\", email: \"ghostrex2@gmail.com\", imageUrl: \"https://img.clerk.com/eyJ0eXBlIjoicHJveHkiLCJzcmMiOiJodHRwczovL2ltYWdlcy5jbGVyay5kZXYvb2F1dGhfZ29vZ2xlL2ltZ18zRGRWYVl2eDN4dlRnNDVCS1R2VnFqcHExVVIifQ\", username: \"fitiavana\"})\n}","extensions":{}}
[debug] [2026-05-18T17:17:12.286Z] <<< [apiv2][status] POST https://firebasedataconnect.googleapis.com/v1/projects/skild-62214/locations/us-east4/services/skild-62214-service:executeGraphql 200
[debug] [2026-05-18T17:17:12.287Z] <<< [apiv2][body] POST https://firebasedataconnect.googleapis.com/v1/projects/skild-62214/locations/us-east4/services/skild-62214-service:executeGraphql {"data":{"user_insert":{"clerkId":"user_3DdVabsBHnckJasrZMHWCyp09go"}}}
[debug] [2026-05-18T17:18:55.350Z] I0518 20:18:55.350667  405092 engine.go:209] [projects/emulator/locations/emulator/services/skild-62214-service fe43] ExecuteGraphqlRead query IntrospectionQuery: succeeded. 
 {"metadata":{"emulator":{"name":"dataconnect"},"message":"I0518 20:18:55.350667  405092 engine.go:209] [projects/emulator/locations/emulator/services/skild-62214-service fe43] ExecuteGraphqlRead query IntrospectionQuery: succeeded. \n"}}
[error] [Firebase Plugin] Failed to find GQL files: Error: ENOENT: no such file or directory, scandir ''
[info] [Firebase Plugin] ExecuteGraphQL (https://firebasedataconnect.googleapis.com) request: {
    "variables": {},
    "query": "# This is a file for you to write an un-named mutation. \n# Only one un-named mutation is allowed per file.\nmutation {\n  skill1: skill_insert(\n    data: {\n      id: \"11111111222233334444555555555551\"\n      authorClerkId: \"user_3DdVabsBHnckJasrZMHWCyp09go\"\n      createdAt: \"2026-04-14T09:30:00.000Z\"\n      description: \"Generate clean TypeScript snippets and scaffold common app patterns.\"\n      installCommand: \"npx skild add write-code\"\n      promptConfig: \"You are a proffessional performance optimizer\"\n      tags: [\"typescript\", \"react\", \"boilerplate\"]\n      title: \"Write Code\"\n      usageExample: \"\"\n    }\n  )\n\n  skill2: skill_insert(\n    data: {\n      id: \"11111111222233334444555555555552\"\n      authorClerkId: \"user_3DdVabsBHnckJasrZMHWCyp09go\"\n      createdAt: \"2026-04-14T09:45:00.000Z\"\n      description: \"Improve structure while preserving behavior with focused, low-risk edits.\"\n      installCommand: \"npx skild add refactor-safely\"\n      promptConfig: \"\"\n      tags: [\"refactor\", \"maintainability\", \"clean-code\"]\n      title: \"Refactor Safely\"\n      usageExample: \"\"\n    }\n  )\n\n  skill3: skill_insert(\n    data: {\n      id: \"11111111222233334444555555555553\"\n      authorClerkId: \"user_3DdVabsBHnckJasrZMHWCyp09go\"\n      createdAt: \"2026-04-14T10:00:00.000Z\"\n      description: \"Create unit and integration test cases for edge paths and regressions.\"\n      installCommand: \"npx skild add test-coverage-boost\"\n      promptConfig: \"\"\n      tags: [\"vitest\", \"testing-library\", \"coverage\"]\n      title: \"Test Coverage Boost\"\n      usageExample: \"\"\n    }\n  )\n\n  skill4: skill_insert(\n    data: {\n      id: \"11111111222233334444555555555554\"\n      authorClerkId: \"user_3DdVabsBHnckJasrZMHWCyp09go\"\n      createdAt: \"2026-04-14T10:15:00.000Z\"\n      description: \"Draft typed request and response contracts for REST endpoints.\"\n      installCommand: \"npx skild add api-contract-builder\"\n      promptConfig: \"\"\n      tags: [\"api\", \"zod\", \"contracts\"]\n      title: \"API Contract Builder\"\n      usageExample: \"\"\n    }\n  )\n\n  skill5: skill_insert(\n    data: {\n      id: \"11111111222233334444555555555555\"\n      authorClerkId: \"user_3DdVabsBHnckJasrZMHWCyp09go\"\n      createdAt: \"2026-04-14T10:30:00.000Z\"\n      description: \"Identify render bottlenecks and optimize expensive client-side work.\"\n      installCommand: \"npx skild add performance-tuner\"\n      promptConfig: \"\"\n      tags: [\"profiling\", \"memoization\", \"web-vitals\"]\n      title: \"Performance Tuner\"\n      usageExample: \"\"\n    }\n  )\n}",
    "extensions": {}
}
[debug] [2026-05-18T17:23:10.221Z] Checked if tokens are valid: true, expires at: 1779128228522
[debug] [2026-05-18T17:23:10.221Z] >>> [apiv2][query] POST https://firebasedataconnect.googleapis.com/v1/projects/skild-62214/locations/us-east4/services/skild-62214-service:executeGraphql [none]
[debug] [2026-05-18T17:23:10.221Z] >>> [apiv2][body] POST https://firebasedataconnect.googleapis.com/v1/projects/skild-62214/locations/us-east4/services/skild-62214-service:executeGraphql {"variables":{},"query":"# This is a file for you to write an un-named mutation. \n# Only one un-named mutation is allowed per file.\nmutation {\n  skill1: skill_insert(\n    data: {\n      id: \"11111111222233334444555555555551\"\n      authorClerkId: \"user_3DdVabsBHnckJasrZMHWCyp09go\"\n      createdAt: \"2026-04-14T09:30:00.000Z\"\n      description: \"Generate clean TypeScript snippets and scaffold common app patterns.\"\n      installCommand: \"npx skild add write-code\"\n      promptConfig: \"You are a proffessional performance optimizer\"\n      tags: [\"typescript\", \"react\", \"boilerplate\"]\n      title: \"Write Code\"\n      usageExample: \"\"\n    }\n  )\n\n  skill2: skill_insert(\n    data: {\n      id: \"11111111222233334444555555555552\"\n      authorClerkId: \"user_3DdVabsBHnckJasrZMHWCyp09go\"\n      createdAt: \"2026-04-14T09:45:00.000Z\"\n      description: \"Improve structure while preserving behavior with focused, low-risk edits.\"\n      installCommand: \"npx skild add refactor-safely\"\n      promptConfig: \"\"\n      tags: [\"refactor\", \"maintainability\", \"clean-code\"]\n      title: \"Refactor Safely\"\n      usageExample: \"\"\n    }\n  )\n\n  skill3: skill_insert(\n    data: {\n      id: \"11111111222233334444555555555553\"\n      authorClerkId: \"user_3DdVabsBHnckJasrZMHWCyp09go\"\n      createdAt: \"2026-04-14T10:00:00.000Z\"\n      description: \"Create unit and integration test cases for edge paths and regressions.\"\n      installCommand: \"npx skild add test-coverage-boost\"\n      promptConfig: \"\"\n      tags: [\"vitest\", \"testing-library\", \"coverage\"]\n      title: \"Test Coverage Boost\"\n      usageExample: \"\"\n    }\n  )\n\n  skill4: skill_insert(\n    data: {\n      id: \"11111111222233334444555555555554\"\n      authorClerkId: \"user_3DdVabsBHnckJasrZMHWCyp09go\"\n      createdAt: \"2026-04-14T10:15:00.000Z\"\n      description: \"Draft typed request and response contracts for REST endpoints.\"\n      installCommand: \"npx skild add api-contract-builder\"\n      promptConfig: \"\"\n      tags: [\"api\", \"zod\", \"contracts\"]\n      title: \"API Contract Builder\"\n      usageExample: \"\"\n    }\n  )\n\n  skill5: skill_insert(\n    data: {\n      id: \"11111111222233334444555555555555\"\n      authorClerkId: \"user_3DdVabsBHnckJasrZMHWCyp09go\"\n      createdAt: \"2026-04-14T10:30:00.000Z\"\n      description: \"Identify render bottlenecks and optimize expensive client-side work.\"\n      installCommand: \"npx skild add performance-tuner\"\n      promptConfig: \"\"\n      tags: [\"profiling\", \"memoization\", \"web-vitals\"]\n      title: \"Performance Tuner\"\n      usageExample: \"\"\n    }\n  )\n}","extensions":{}}
[debug] [2026-05-18T17:23:12.546Z] <<< [apiv2][status] POST https://firebasedataconnect.googleapis.com/v1/projects/skild-62214/locations/us-east4/services/skild-62214-service:executeGraphql 200
[debug] [2026-05-18T17:23:12.546Z] <<< [apiv2][body] POST https://firebasedataconnect.googleapis.com/v1/projects/skild-62214/locations/us-east4/services/skild-62214-service:executeGraphql {"data":{"skill2":{"id":"11111111222233334444555555555552"},"skill3":{"id":"11111111222233334444555555555553"},"skill4":{"id":"11111111222233334444555555555554"},"skill5":{"id":"11111111222233334444555555555555"},"skill1":{"id":"11111111222233334444555555555551"}}}
[error] [Firebase Plugin] Failed to find GQL files: Error: ENOENT: no such file or directory, scandir ''
[info] [Firebase Plugin] ExecuteGraphQL (https://firebasedataconnect.googleapis.com) request: {
    "variables": {},
    "query": "\n# This is a file for you to write an un-named query.\n# Only one un-named query is allowed per file.\nquery {\n  users{\n    clerkId\n    email\n    username\n    imageUrl\n  }\n}",
    "extensions": {}
}
[debug] [2026-05-18T17:23:57.255Z] Checked if tokens are valid: true, expires at: 1779128228522
[debug] [2026-05-18T17:23:57.255Z] >>> [apiv2][query] POST https://firebasedataconnect.googleapis.com/v1/projects/skild-62214/locations/us-east4/services/skild-62214-service:executeGraphql [none]
[debug] [2026-05-18T17:23:57.256Z] >>> [apiv2][body] POST https://firebasedataconnect.googleapis.com/v1/projects/skild-62214/locations/us-east4/services/skild-62214-service:executeGraphql {"variables":{},"query":"\n# This is a file for you to write an un-named query.\n# Only one un-named query is allowed per file.\nquery {\n  users{\n    clerkId\n    email\n    username\n    imageUrl\n  }\n}","extensions":{}}
[error] [Firebase Plugin] Failed to find GQL files: Error: ENOENT: no such file or directory, scandir ''
[info] [Firebase Plugin] ExecuteGraphQL (https://firebasedataconnect.googleapis.com) request: {
    "variables": {},
    "query": "\n# This is a file for you to write an un-named query.\n# Only one un-named query is allowed per file.\nquery {\n  users{\n    clerkId\n    email\n    username\n    imageUrl\n  }\n}",
    "extensions": {}
}
[debug] [2026-05-18T17:23:59.064Z] Checked if tokens are valid: true, expires at: 1779128228522
[debug] [2026-05-18T17:23:59.064Z] >>> [apiv2][query] POST https://firebasedataconnect.googleapis.com/v1/projects/skild-62214/locations/us-east4/services/skild-62214-service:executeGraphql [none]
[debug] [2026-05-18T17:23:59.064Z] >>> [apiv2][body] POST https://firebasedataconnect.googleapis.com/v1/projects/skild-62214/locations/us-east4/services/skild-62214-service:executeGraphql {"variables":{},"query":"\n# This is a file for you to write an un-named query.\n# Only one un-named query is allowed per file.\nquery {\n  users{\n    clerkId\n    email\n    username\n    imageUrl\n  }\n}","extensions":{}}
[debug] [2026-05-18T17:23:59.139Z] <<< [apiv2][status] POST https://firebasedataconnect.googleapis.com/v1/projects/skild-62214/locations/us-east4/services/skild-62214-service:executeGraphql 200
[debug] [2026-05-18T17:23:59.140Z] <<< [apiv2][body] POST https://firebasedataconnect.googleapis.com/v1/projects/skild-62214/locations/us-east4/services/skild-62214-service:executeGraphql {"data":{"users":[{"imageUrl":"https://img.clerk.com/eyJ0eXBlIjoicHJveHkiLCJzcmMiOiJodHRwczovL2ltYWdlcy5jbGVyay5kZXYvb2F1dGhfZ29vZ2xlL2ltZ18zRGRWYVl2eDN4dlRnNDVCS1R2VnFqcHExVVIifQ","clerkId":"user_3DdVabsBHnckJasrZMHWCyp09go","email":"ghostrex2@gmail.com","username":"fitiavana"}]}}
[debug] [2026-05-18T17:24:00.871Z] <<< [apiv2][status] POST https://firebasedataconnect.googleapis.com/v1/projects/skild-62214/locations/us-east4/services/skild-62214-service:executeGraphql 200
[debug] [2026-05-18T17:24:00.871Z] <<< [apiv2][body] POST https://firebasedataconnect.googleapis.com/v1/projects/skild-62214/locations/us-east4/services/skild-62214-service:executeGraphql {"data":{"users":[{"email":"ghostrex2@gmail.com","username":"fitiavana","imageUrl":"https://img.clerk.com/eyJ0eXBlIjoicHJveHkiLCJzcmMiOiJodHRwczovL2ltYWdlcy5jbGVyay5kZXYvb2F1dGhfZ29vZ2xlL2ltZ18zRGRWYVl2eDN4dlRnNDVCS1R2VnFqcHExVVIifQ","clerkId":"user_3DdVabsBHnckJasrZMHWCyp09go"}]}}
